// Jest Snapshot v1, https://goo.gl/fbAQLP

exports[`react-infinite-scroll-loading should render 1`] = `
<div>
  <div>
    <div>
      <div
        class="list"
      >
        <div>
          <div
            class="item"
          >
            1
          </div>
          <div
            class="item"
          >
            2
          </div>
          <div
            class="item"
          >
            3
          </div>
        </div>
      </div>
    </div>
  </div>
</div>
`;
